
> aphellium-platform@0.1.0 build
> next build

Ôû▓ Next.js 16.1.6 (Turbopack)

  Creating an optimized production build ...
node.exe : 
En C:\Program 
Files\nodejs\npm.ps1: 
29 Carácter: 3
+   & $NODE_EXE 
$NPM_CLI_JS $args
+   ~~~~~~~~~~~~~~~~~~~
~~~~~~~~~~
    + CategoryInfo     
         : NotSpecifi  
  ed: (:String) [],    
 RemoteException
    + FullyQualifiedEr 
   rorId : NativeComm  
  andError
 
> Build error occurred
Error: Turbopack build 
failed with 2 errors:
./app/layout.tsx:5:1
Module not found: 
Can't resolve 
'@/components/Footer'
[0m [90m 3 |[39m 
[36mimport[39m [32m"
./globals.css"[39m[33
m;[39m
 [90m 4 |[39m 
[36mimport[39m 
[33mNavbar[39m 
[36mfrom[39m [32m"@/
components/Navbar"[39m
[33m;[39m
[31m[1m>[22m[39m[9
0m 5 |[39m 
[36mimport[39m 
[33mFooter[39m 
[36mfrom[39m [32m"@/
components/Footer"[39m
[33m;[39m
 [90m   |[39m [31m[
1m^[22m[39m[31m[1m^
[22m[39m[31m[1m^[2
2m[39m[31m[1m^[22m
[39m[31m[1m^[22m[39
m[31m[1m^[22m[39m[
31m[1m^[22m[39m[31m
[1m^[22m[39m[31m[1
m^[22m[39m[31m[1m^
[22m[39m[31m[1m^[22
m[39m[31m[1m^[22m[
39m[31m[1m^[22m[39m
[31m[1m^[22m[39m[3
1m[1m^[22m[39m[31m
[1m^[22m[39m[31m[1m
^[22m[39m[31m[1m^[
22m[39m[31m[1m^[22m
[39m[31m[1m^[22m[3
9m[31m[1m^[22m[39m
[31m[1m^[22m[39m[31
m[1m^[22m[39m[31m[
1m^[22m[39m[31m[1m^
[22m[39m[31m[1m^[2
2m[39m[31m[1m^[22m
[39m[31m[1m^[22m[39
m[31m[1m^[22m[39m[
31m[1m^[22m[39m[31m
[1m^[22m[39m[31m[1
m^[22m[39m[31m[1m^
[22m[39m[31m[1m^[22
m[39m[31m[1m^[22m[
39m[31m[1m^[22m[39m
[31m[1m^[22m[39m[3
1m[1m^[22m[39m[31m
[1m^[22m[39m[31m[1m
^[22m[39m[31m[1m^[
22m[39m
 [90m 6 |[39m
 [90m 7 |[39m 
[36mconst[39m outfit 
[33m=[39m 
[33mOutfit[39m({ 
 [90m 8 |[39m   
variable[33m:[39m [3
2m"--font-heading"[39m
[33m,[39m[0m

Import map: aliased to 
relative './src/compone
nts/Footer' inside of 
[project]/


https://nextjs.org/docs
/messages/module-not-fo
und


./app/layout.tsx:4:1
Module not found: 
Can't resolve 
'@/components/Navbar'
[0m [90m 2 |[39m 
[36mimport[39m { [33
mOutfit[39m[33m,[39m
 [33mInter[39m } 
[36mfrom[39m [32m"ne
xt/font/google"[39m[3
3m;[39m
 [90m 3 |[39m 
[36mimport[39m [32m"
./globals.css"[39m[33
m;[39m
[31m[1m>[22m[39m[9
0m 4 |[39m 
[36mimport[39m 
[33mNavbar[39m 
[36mfrom[39m [32m"@/
components/Navbar"[39m
[33m;[39m
 [90m   |[39m [31m[
1m^[22m[39m[31m[1m^
[22m[39m[31m[1m^[2
2m[39m[31m[1m^[22m
[39m[31m[1m^[22m[39
m[31m[1m^[22m[39m[
31m[1m^[22m[39m[31m
[1m^[22m[39m[31m[1
m^[22m[39m[31m[1m^
[22m[39m[31m[1m^[22
m[39m[31m[1m^[22m[
39m[31m[1m^[22m[39m
[31m[1m^[22m[39m[3
1m[1m^[22m[39m[31m
[1m^[22m[39m[31m[1m
^[22m[39m[31m[1m^[
22m[39m[31m[1m^[22m
[39m[31m[1m^[22m[3
9m[31m[1m^[22m[39m
[31m[1m^[22m[39m[31
m[1m^[22m[39m[31m[
1m^[22m[39m[31m[1m^
[22m[39m[31m[1m^[2
2m[39m[31m[1m^[22m
[39m[31m[1m^[22m[39
m[31m[1m^[22m[39m[
31m[1m^[22m[39m[31m
[1m^[22m[39m[31m[1
m^[22m[39m[31m[1m^
[22m[39m[31m[1m^[22
m[39m[31m[1m^[22m[
39m[31m[1m^[22m[39m
[31m[1m^[22m[39m[3
1m[1m^[22m[39m[31m
[1m^[22m[39m[31m[1m
^[22m[39m[31m[1m^[
22m[39m
 [90m 5 |[39m 
[36mimport[39m 
[33mFooter[39m 
[36mfrom[39m [32m"@/
components/Footer"[39m
[33m;[39m
 [90m 6 |[39m
 [90m 7 |[39m 
[36mconst[39m outfit 
[33m=[39m 
[33mOutfit[39m({ [0m

Import map: aliased to 
relative './src/compone
nts/Navbar' inside of 
[project]/


https://nextjs.org/docs
/messages/module-not-fo
und


    at <unknown> 
(./app/layout.tsx:5:1)
    at <unknown> (https
://nextjs.org/docs/mess
ages/module-not-found)
    at <unknown> 
(./app/layout.tsx:4:1)
    at <unknown> (https
://nextjs.org/docs/mess
ages/module-not-found)
